[                                                  ][    3] Running placer flow WLTD (666).
[              minplacer\00003_pa03_00001_character][    3] Step character
[              minplacer\00003_pa03_00001_character][    3] Step MinPlacerChar minplacer_skip_dont_place=0 do_shortfd=0 do_shortfd_aggressive=0 do_precomb=0 do_precomb_aggressive=0 do_chain_to_tree=0 do_used_rbb_vacan=0 do_rep=1 do_reloc=0 do_repack=0 do_swabsorb=0 do_rplan=1
[              minplacer\00003_pa03_00001_character][    3] RbbUsage=66 PrePlaceTiming=102184.
[                  minplacer\00003_pa03_00002_setup][    3] Step setup
[                  minplacer\00003_pa03_00002_setup][    8] Step setup ends.
[                     minplacer\00003_pa03_00003_wl][    8] Step wl
[                     minplacer\00003_pa03_00003_wl][   35] Step wl returns 0. (timing=13085 cg=0)
[                     minplacer\00003_pa03_00003_wl][   35] Updating timing 13085 vs 2147483647.
[                 minplacer\00003_pa03_00004_repopt][   35] Step repopt
[                 minplacer\00003_pa03_00004_repopt][   45] Step repopt returns 0. (timing=13085 cg=0)
[                 minplacer\00003_pa03_00004_repopt][   45] Step has netlist change. (timing=13085 cg=0)
[                 minplacer\00003_pa03_00004_repopt][   45] Updating timing 13085 vs 13085.
[      minplacer\00003_pa03_00005_committing_nledit][   45] Step committing_nledit
[       minplacer\00003_pa03_00006_committed_nledit][   45] Step committed_nledit
[       minplacer\00003_pa03_00006_committed_nledit][   46] Step setup ends.
[       minplacer\00003_pa03_00006_committed_nledit][   46] Updating timing 13085 vs 13085.
[                  minplacer\00003_pa03_00007_repwl][   46] Step repwl
[                  minplacer\00003_pa03_00007_repwl][   56] Step repwl returns 0. (timing=13085 cg=0)
[                  minplacer\00003_pa03_00007_repwl][   56] Updating timing 13085 vs 13085.
[                   minplacer\00003_pa03_00008_post][   56] Step post
[                   minplacer\00003_pa03_00008_post][  146] Step post returns 3. (timing=2147483647R cg=0)
[                                                  ][  146] Running placer flow WLTD ends with FALSE.
