[                                                  ][    3] Running placer flow WLTD (666).
[              minplacer\00002_pa02_00001_character][    3] Step character
[              minplacer\00002_pa02_00001_character][    3] Step MinPlacerChar minplacer_skip_dont_place=0 do_shortfd=0 do_shortfd_aggressive=0 do_precomb=0 do_precomb_aggressive=0 do_chain_to_tree=0 do_used_rbb_vacan=0 do_rep=1 do_reloc=0 do_repack=0 do_swabsorb=0 do_rplan=1
[              minplacer\00002_pa02_00001_character][    4] RbbUsage=66 PrePlaceTiming=102184.
[                  minplacer\00002_pa02_00002_setup][    4] Step setup
[                  minplacer\00002_pa02_00002_setup][   10] Step setup ends.
[                     minplacer\00002_pa02_00003_wl][   10] Step wl
[                     minplacer\00002_pa02_00003_wl][   35] Step wl returns 0. (timing=12992 cg=0)
[                     minplacer\00002_pa02_00003_wl][   35] Updating timing 12992 vs 2147483647.
[                 minplacer\00002_pa02_00004_repopt][   35] Step repopt
[                 minplacer\00002_pa02_00004_repopt][   45] Step repopt returns 0. (timing=12992 cg=0)
[                 minplacer\00002_pa02_00004_repopt][   45] Step has netlist change. (timing=12992 cg=0)
[                 minplacer\00002_pa02_00004_repopt][   45] Updating timing 12992 vs 12992.
[      minplacer\00002_pa02_00005_committing_nledit][   45] Step committing_nledit
[       minplacer\00002_pa02_00006_committed_nledit][   45] Step committed_nledit
[       minplacer\00002_pa02_00006_committed_nledit][   46] Step setup ends.
[       minplacer\00002_pa02_00006_committed_nledit][   46] Updating timing 12992 vs 12992.
[                  minplacer\00002_pa02_00007_repwl][   46] Step repwl
[                  minplacer\00002_pa02_00007_repwl][   56] Step repwl returns 0. (timing=12910 cg=0)
[                  minplacer\00002_pa02_00007_repwl][   56] Updating timing 12910 vs 12992.
[                   minplacer\00002_pa02_00008_post][   56] Step post
[                   minplacer\00002_pa02_00008_post][  547] Step post returns 0. (timing=21417R cg=0)
[                   minplacer\00002_pa02_00008_post][  547] Updating timing 21417R vs 12910.
[                  minplacer\00002_pa02_00009_rplan][  547] Step rplan
[                  minplacer\00002_pa02_00009_rplan][  557] Step rplan returns 0. (timing=21417R cg=50)
[                  minplacer\00002_pa02_00009_rplan][  557] Updating timing 21417R vs 21417R.
[                                                  ][  557] Running placer flow WLTD ends with TRUE.
