[                                                  ][    3] Running placer flow WLTD (666).
[              minplacer\00001_pa01_00001_character][    3] Step character
[              minplacer\00001_pa01_00001_character][    3] Step MinPlacerChar minplacer_skip_dont_place=0 do_shortfd=0 do_shortfd_aggressive=0 do_precomb=0 do_precomb_aggressive=0 do_chain_to_tree=0 do_used_rbb_vacan=0 do_rep=1 do_reloc=0 do_repack=0 do_swabsorb=0 do_rplan=1
[              minplacer\00001_pa01_00001_character][    3] RbbUsage=66 PrePlaceTiming=102184.
[                  minplacer\00001_pa01_00002_setup][    3] Step setup
[                  minplacer\00001_pa01_00002_setup][    5] Step setup ends.
[                     minplacer\00001_pa01_00003_wl][    5] Step wl
[                     minplacer\00001_pa01_00003_wl][   40] Step wl returns 0. (timing=12873 cg=0)
[                     minplacer\00001_pa01_00003_wl][   40] Updating timing 12873 vs 2147483647.
[                 minplacer\00001_pa01_00004_repopt][   40] Step repopt
[                 minplacer\00001_pa01_00004_repopt][   50] Step repopt returns 0. (timing=12873 cg=0)
[                 minplacer\00001_pa01_00004_repopt][   50] Step has netlist change. (timing=12873 cg=0)
[                 minplacer\00001_pa01_00004_repopt][   50] Updating timing 12873 vs 12873.
[      minplacer\00001_pa01_00005_committing_nledit][   50] Step committing_nledit
[       minplacer\00001_pa01_00006_committed_nledit][   50] Step committed_nledit
[       minplacer\00001_pa01_00006_committed_nledit][   50] Step setup ends.
[       minplacer\00001_pa01_00006_committed_nledit][   50] Updating timing 12873 vs 12873.
[                  minplacer\00001_pa01_00007_repwl][   50] Step repwl
[                  minplacer\00001_pa01_00007_repwl][   56] Step repwl returns 0. (timing=12897 cg=0)
[                  minplacer\00001_pa01_00007_repwl][   56] Updating timing 12897 vs 12873.
[                   minplacer\00001_pa01_00008_post][   56] Step post
[                   minplacer\00001_pa01_00008_post][  541] Step post returns 0. (timing=21013R cg=0)
[                   minplacer\00001_pa01_00008_post][  541] Updating timing 21013R vs 12897.
[                  minplacer\00001_pa01_00009_rplan][  541] Step rplan
[                  minplacer\00001_pa01_00009_rplan][  552] Step rplan returns 0. (timing=21013R cg=50)
[                  minplacer\00001_pa01_00009_rplan][  552] Updating timing 21013R vs 21013R.
[                                                  ][  552] Running placer flow WLTD ends with TRUE.
