#COLLECTE 3 WINNING_JOBS
##PARALLEL JOB[2] (2,expjob_2) timing=21417 dir=minplacer\00002_pa02_00009_rplan
##PARALLEL JOB[1] (1,expjob_1) timing=21013 dir=minplacer\00001_pa01_00009_rplan
##PARALLEL JOB[0] (0,expjob_0) timing=20779 dir=minplacer\00000_pa00_00009_rplan
PrePlaceDly=102184
#PLC_RUNDIR=minplacer\00000_pa00_00003_wl timing=13016 cg=0
PlaceDly=13016
TWL=25150
PEAKMEM=1305MB
#PLC_RUNDIR=minplacer\00000_pa00_00004_repopt timing=13016 cg=0
PlaceDly=13016
TWL=26090
PEAKMEM=1338MB
#NLEDIT=minplacer\00000_pa00_00004_repopt\minplacer_nledit.txt
REP=1
#PLC_RUNDIR=minplacer\00000_pa00_00007_repwl timing=13016 cg=0
PlaceDly=13016
TWL=26370
PEAKMEM=1338MB
#PLC_RUNDIR=minplacer\00000_pa00_00008_post timing=20779 cg=0
PostIter=30
PlaceDly=20779
TWL=32660
PEAKMEM=1415MB
TotPostIter=30
#PLC_RUNDIR=minplacer\00000_pa00_00009_rplan timing=20779 cg=50
FinderPnRatio=50
FinderPnIter=0
PlaceDly=20779
PEAKMEM=1374MB
ParWin                              =expjob_0
