


MINPLACER FLOW STARTS Wed Aug  5 09:30:04 2026
PARRAY=32x32
TILE_SIZE=1,1
MODULE_NAME=hdc_core
GRANDITER=-1
FLOW_STRING=eflxexp1500
COMMIT_NLEDIT_IMMEDIATELY=1
USE_NMAX=0
USE_FINDER=1
USE_RTABLE=0
LATENCY_AWARE=1
HAS_PPP=0
FAIL_AS_CRASH=0
RUNTIME_LIMITED=0
MAX_CPU=4 (16 16 4)
REPORT_HOLD=1
IGNORE_REGION=0
IGNORE_REGION_AFTER_WL=0
VERIFY=0
[                                                  ][    3] Running placer flow EXP (version=1500).
[                                                  ][    3] Start 4 jobs with MAX_CPU=4, POOLSIZE=4 and requested_winning_jobs=1.
[                                                  ][    3] Running placer flow WLTD (666).
[              minplacer\00003_pa03_00001_character][    3] Step character
[              minplacer\00003_pa03_00001_character][    3] Step MinPlacerChar minplacer_skip_dont_place=0 do_shortfd=0 do_shortfd_aggressive=0 do_precomb=0 do_precomb_aggressive=0 do_chain_to_tree=0 do_used_rbb_vacan=0 do_rep=1 do_reloc=0 do_repack=0 do_swabsorb=0 do_rplan=1
[              minplacer\00003_pa03_00001_character][    3] RbbUsage=66 PrePlaceTiming=102184.
[                  minplacer\00003_pa03_00002_setup][    3] Step setup
[                  minplacer\00003_pa03_00002_setup][    8] Step setup ends.
[                     minplacer\00003_pa03_00003_wl][    8] Step wl
[                     minplacer\00003_pa03_00003_wl][   35] Step wl returns 0. (timing=13085 cg=0)
[                     minplacer\00003_pa03_00003_wl][   35] Updating timing 13085 vs 2147483647.
[                 minplacer\00003_pa03_00004_repopt][   35] Step repopt
[                 minplacer\00003_pa03_00004_repopt][   45] Step repopt returns 0. (timing=13085 cg=0)
[                 minplacer\00003_pa03_00004_repopt][   45] Step has netlist change. (timing=13085 cg=0)
[                 minplacer\00003_pa03_00004_repopt][   45] Updating timing 13085 vs 13085.
[      minplacer\00003_pa03_00005_committing_nledit][   45] Step committing_nledit
[       minplacer\00003_pa03_00006_committed_nledit][   45] Step committed_nledit
[       minplacer\00003_pa03_00006_committed_nledit][   46] Step setup ends.
[       minplacer\00003_pa03_00006_committed_nledit][   46] Updating timing 13085 vs 13085.
[                  minplacer\00003_pa03_00007_repwl][   46] Step repwl
[                  minplacer\00003_pa03_00007_repwl][   56] Step repwl returns 0. (timing=13085 cg=0)
[                  minplacer\00003_pa03_00007_repwl][   56] Updating timing 13085 vs 13085.
[                   minplacer\00003_pa03_00008_post][   56] Step post
[                   minplacer\00003_pa03_00008_post][  146] Step post returns 3. (timing=2147483647R cg=0)
[                                                  ][  146] Running placer flow WLTD ends with FALSE.
[                                                  ][  146] Placer job(3) didn't complete.
[                                                  ][    3] Running placer flow WLTD (666).
[              minplacer\00001_pa01_00001_character][    3] Step character
[              minplacer\00001_pa01_00001_character][    3] Step MinPlacerChar minplacer_skip_dont_place=0 do_shortfd=0 do_shortfd_aggressive=0 do_precomb=0 do_precomb_aggressive=0 do_chain_to_tree=0 do_used_rbb_vacan=0 do_rep=1 do_reloc=0 do_repack=0 do_swabsorb=0 do_rplan=1
[              minplacer\00001_pa01_00001_character][    3] RbbUsage=66 PrePlaceTiming=102184.
[                  minplacer\00001_pa01_00002_setup][    3] Step setup
[                  minplacer\00001_pa01_00002_setup][    5] Step setup ends.
[                     minplacer\00001_pa01_00003_wl][    5] Step wl
[                     minplacer\00001_pa01_00003_wl][   40] Step wl returns 0. (timing=12873 cg=0)
[                     minplacer\00001_pa01_00003_wl][   40] Updating timing 12873 vs 2147483647.
[                 minplacer\00001_pa01_00004_repopt][   40] Step repopt
[                 minplacer\00001_pa01_00004_repopt][   50] Step repopt returns 0. (timing=12873 cg=0)
[                 minplacer\00001_pa01_00004_repopt][   50] Step has netlist change. (timing=12873 cg=0)
[                 minplacer\00001_pa01_00004_repopt][   50] Updating timing 12873 vs 12873.
[      minplacer\00001_pa01_00005_committing_nledit][   50] Step committing_nledit
[       minplacer\00001_pa01_00006_committed_nledit][   50] Step committed_nledit
[       minplacer\00001_pa01_00006_committed_nledit][   50] Step setup ends.
[       minplacer\00001_pa01_00006_committed_nledit][   50] Updating timing 12873 vs 12873.
[                  minplacer\00001_pa01_00007_repwl][   50] Step repwl
[                  minplacer\00001_pa01_00007_repwl][   56] Step repwl returns 0. (timing=12897 cg=0)
[                  minplacer\00001_pa01_00007_repwl][   56] Updating timing 12897 vs 12873.
[                   minplacer\00001_pa01_00008_post][   56] Step post
[                   minplacer\00001_pa01_00008_post][  541] Step post returns 0. (timing=21013R cg=0)
[                   minplacer\00001_pa01_00008_post][  541] Updating timing 21013R vs 12897.
[                  minplacer\00001_pa01_00009_rplan][  541] Step rplan
[                  minplacer\00001_pa01_00009_rplan][  552] Step rplan returns 0. (timing=21013R cg=50)
[                  minplacer\00001_pa01_00009_rplan][  552] Updating timing 21013R vs 21013R.
[                                                  ][  552] Running placer flow WLTD ends with TRUE.
[                  minplacer\00001_pa01_00009_rplan][  552] Placer job(1) finished okay with timing=21013.
[                                                  ][    3] Running placer flow WLTD (666).
[              minplacer\00002_pa02_00001_character][    3] Step character
[              minplacer\00002_pa02_00001_character][    3] Step MinPlacerChar minplacer_skip_dont_place=0 do_shortfd=0 do_shortfd_aggressive=0 do_precomb=0 do_precomb_aggressive=0 do_chain_to_tree=0 do_used_rbb_vacan=0 do_rep=1 do_reloc=0 do_repack=0 do_swabsorb=0 do_rplan=1
[              minplacer\00002_pa02_00001_character][    4] RbbUsage=66 PrePlaceTiming=102184.
[                  minplacer\00002_pa02_00002_setup][    4] Step setup
[                  minplacer\00002_pa02_00002_setup][   10] Step setup ends.
[                     minplacer\00002_pa02_00003_wl][   10] Step wl
[                     minplacer\00002_pa02_00003_wl][   35] Step wl returns 0. (timing=12992 cg=0)
[                     minplacer\00002_pa02_00003_wl][   35] Updating timing 12992 vs 2147483647.
[                 minplacer\00002_pa02_00004_repopt][   35] Step repopt
[                 minplacer\00002_pa02_00004_repopt][   45] Step repopt returns 0. (timing=12992 cg=0)
[                 minplacer\00002_pa02_00004_repopt][   45] Step has netlist change. (timing=12992 cg=0)
[                 minplacer\00002_pa02_00004_repopt][   45] Updating timing 12992 vs 12992.
[      minplacer\00002_pa02_00005_committing_nledit][   45] Step committing_nledit
[       minplacer\00002_pa02_00006_committed_nledit][   45] Step committed_nledit
[       minplacer\00002_pa02_00006_committed_nledit][   46] Step setup ends.
[       minplacer\00002_pa02_00006_committed_nledit][   46] Updating timing 12992 vs 12992.
[                  minplacer\00002_pa02_00007_repwl][   46] Step repwl
[                  minplacer\00002_pa02_00007_repwl][   56] Step repwl returns 0. (timing=12910 cg=0)
[                  minplacer\00002_pa02_00007_repwl][   56] Updating timing 12910 vs 12992.
[                   minplacer\00002_pa02_00008_post][   56] Step post
[                   minplacer\00002_pa02_00008_post][  547] Step post returns 0. (timing=21417R cg=0)
[                   minplacer\00002_pa02_00008_post][  547] Updating timing 21417R vs 12910.
[                  minplacer\00002_pa02_00009_rplan][  547] Step rplan
[                  minplacer\00002_pa02_00009_rplan][  557] Step rplan returns 0. (timing=21417R cg=50)
[                  minplacer\00002_pa02_00009_rplan][  557] Updating timing 21417R vs 21417R.
[                                                  ][  557] Running placer flow WLTD ends with TRUE.
[                  minplacer\00002_pa02_00009_rplan][  557] Placer job(2) finished okay with timing=21417.
[                                                  ][    3] Running placer flow WLTD (0).
[              minplacer\00000_pa00_00001_character][    3] Step character
[              minplacer\00000_pa00_00001_character][    3] Step MinPlacerChar minplacer_skip_dont_place=0 do_shortfd=0 do_shortfd_aggressive=0 do_precomb=0 do_precomb_aggressive=0 do_chain_to_tree=0 do_used_rbb_vacan=0 do_rep=1 do_reloc=0 do_repack=0 do_swabsorb=0 do_rplan=1
[              minplacer\00000_pa00_00001_character][    3] RbbUsage=66 PrePlaceTiming=102184.
[                  minplacer\00000_pa00_00002_setup][    3] Step setup
[                  minplacer\00000_pa00_00002_setup][    7] Step setup ends.
[                     minplacer\00000_pa00_00003_wl][    7] Step wl
[                     minplacer\00000_pa00_00003_wl][   35] Step wl returns 0. (timing=13016 cg=0)
[                     minplacer\00000_pa00_00003_wl][   35] Updating timing 13016 vs 2147483647.
[                 minplacer\00000_pa00_00004_repopt][   35] Step repopt
[                 minplacer\00000_pa00_00004_repopt][   45] Step repopt returns 0. (timing=13016 cg=0)
[                 minplacer\00000_pa00_00004_repopt][   45] Step has netlist change. (timing=13016 cg=0)
[                 minplacer\00000_pa00_00004_repopt][   45] Updating timing 13016 vs 13016.
[      minplacer\00000_pa00_00005_committing_nledit][   45] Step committing_nledit
[       minplacer\00000_pa00_00006_committed_nledit][   45] Step committed_nledit
[       minplacer\00000_pa00_00006_committed_nledit][   45] Step setup ends.
[       minplacer\00000_pa00_00006_committed_nledit][   45] Updating timing 13016 vs 13016.
[                  minplacer\00000_pa00_00007_repwl][   45] Step repwl
[                  minplacer\00000_pa00_00007_repwl][   56] Step repwl returns 0. (timing=13016 cg=0)
[                  minplacer\00000_pa00_00007_repwl][   56] Updating timing 13016 vs 13016.
[                   minplacer\00000_pa00_00008_post][   56] Step post
[                   minplacer\00000_pa00_00008_post][  567] Step post returns 0. (timing=20779R cg=0)
[                   minplacer\00000_pa00_00008_post][  567] Updating timing 20779R vs 13016.
[                  minplacer\00000_pa00_00009_rplan][  567] Step rplan
[                  minplacer\00000_pa00_00009_rplan][  577] Step rplan returns 0. (timing=20779R cg=50)
[                  minplacer\00000_pa00_00009_rplan][  577] Updating timing 20779R vs 20779R.
[                                                  ][  577] Running placer flow WLTD ends with TRUE.
[                  minplacer\00000_pa00_00009_rplan][  577] Placer job(0) finished okay with timing=20779.
[                                                  ][  577] End 4 jobs with 1 being accepted: [0,expjob_0]=minplacer\00000_pa00_00009_rplan
[                                                  ][  577] End 4 jobs with 2 being abandoned: [1,expjob_1]=minplacer\00001_pa01_00009_rplan [2,expjob_2]=minplacer\00002_pa02_00009_rplan
[                                                  ][  577] Running placer flow EXP receives (0).
[                  minplacer\00000_pa00_00009_rplan][  577] Updating timing 20779R vs 2147483647.
[                                                  ][  577] Running placer flow EXP ends with [minplacer\00000_pa00_00009_rplan] timing=20779.
[                  minplacer\00000_pa00_00009_rplan][  577] Step readback plc starts.
[                  minplacer\00000_pa00_00009_rplan][  577] Step readback plc ended.
MINPLACER FLOW QORSTAT REP=0 BUF=0 PPP=0 COMB=0 SHORTFD=0 RELOC=0 SWABSORB=0 PREABSORB=0
MINPLACER FLOW ENDS RET=PASS Wed Aug  5 09:39:38 2026
