The current time is Wed Aug  5 09:30:57 2026
CPUs=4
EXE="C:\Program Files\Renesas Electronics\Go Configure Software Hub\external\eda-placer\v23\eda-placer.exe"
BuildDir=C:\Program Files\Renesas Electronics\Go Configure Software Hub\external\eda-placer\v23
BuildPath="C:\Program Files\Renesas Electronics\Go Configure Software Hub\external\eda-placer\v23"
CWD=C:\Users\HP\AppData\Local\Temp\iwAFROTg\out\minplacer\00003_pa03_00008_post
LogFile=minplacer_00003_pa03_00008.log
PrintScreen=..\_00003_pa03_stdout.txt
Command line: C:\Program Files\Renesas Electronics\Go Configure Software Hub\external\eda-placer\v23\eda-placer.exe -print_screen ..\_00003_pa03_stdout.txt -eflx_call_minplacer 00003_pa03_00008_post__out__hdc_core
	Arg[0] C:\Program Files\Renesas Electronics\Go Configure Software Hub\external\eda-placer\v23\eda-placer.exe
	Arg[1] -print_screen
	Arg[2] ..\_00003_pa03_stdout.txt
	Arg[3] -eflx_call_minplacer
	Arg[4] 00003_pa03_00008_post__out__hdc_core
Report CFG start:
            minplacer_output_clkloc = ..\..\minplacer\00003_pa03_00008_post\minplacer_clkloc.txt
           minplacer_ignore_regions = 0
    minplacer_output_vacant_lrbbloc = ..\..\minplacer\00003_pa03_00008_post\minplacer_vacant_lrbbloc.txt
             minplacer_input_rbbloc = ..\..\minplacer\00003_pa03_00007_repwl\minplacer_rbbloc.txt
          minplacer_input_timingdef = ..\..\minplacer\00003_pa03_00006_committed_nledit\minplacer.timing_def
                 minplacer_rmany_mt = 1
               minplacer_input_edif = ..\..\minplacer\00003_pa03_00006_committed_nledit\minplacer.edf
              minplacer_post_target = 665
minplacer_output_rstarting_priority = ..\..\minplacer\00003_pa03_00008_post\minplacer_finderpriority.txt
minplacer_post_path_based_slack_range = 0
          post_find_timing_no_table = 0
                               loga = minplacer_00003_pa03_00008.log
              ta_report_limit_paths = 3
              minplacer_input_rd2sm = ..\..\minplacer\00003_pa03_00002_setup\minplacer.rnode2sm_def
         minplacer_post_target_mode = 2
                            verbose = 1
       minplacer_accept_stop_signal = ..\..\minplacer\stop_all.txt
         minplacer_input_rd2sitepin = ..\..\minplacer\00003_pa03_00002_setup\minplacer.rnode2sitepin_def
minplacer_report_timing_side_effect = 0
                minplacer_post_mode = 2
            minplacer_output_rbbloc = ..\..\minplacer\00003_pa03_00008_post\minplacer_rbbloc.txt
         minplacer_pann_random_walk = 24
            minplacer_input_chipdef = ..\..\minplacer\00003_pa03_00002_setup\minplacer.chip_def
      minplacer_accept_stop_signal2 = ..\..\minplacer\stop_00003_pa03_.txt
minplacer_post_limit_near_critical_pass = 3
                eflx_call_minplacer = 00003_pa03_00008_post__out__hdc_core
                  minplacer_max_cpu = 1
          minplacer_post_limit_iter = 300
         minplacer_output_timingdef = ..\..\minplacer\00003_pa03_00008_post\minplacer.timing_def
     minplacer_print_timing_summary = 1
minplacer_ppath_skip_pipeff_as_target = 0
minplacer_ppipe_tile_boundary_detour = 1
  minplacer_post_longpathpen_weight = 1
                          qor_stats = 1
                  rfinder_use_table = 0
       minplacer_input_branchdlydef = ..\..\minplacer\00003_pa03_00006_committed_nledit\minplacer.branchdly_def
                       print_screen = ..\_00003_pa03_stdout.txt
minplacer_post_tarpos_by_sideeffect = 0
             minplacer_input_rgraph = ..\..\minplacer\00003_pa03_00002_setup\minplacer.rgraph_def
                minplacer_flow_post = 2
                     ta_report_hold = 1
          minplacer_input_clklatdef = ..\..\minplacer\00003_pa03_00006_committed_nledit\minplacer.clklat_def
Report CFG end:
PLACER_STANDALONE STARTS.
	INPUTS:
	minplacer_input_edif=..\..\minplacer\00003_pa03_00006_committed_nledit\minplacer.edf
	minplacer_input_chipdef=..\..\minplacer\00003_pa03_00002_setup\minplacer.chip_def
	minplacer_input_ramdef=<none>
	minplacer_input_timingdef=..\..\minplacer\00003_pa03_00006_committed_nledit\minplacer.timing_def
	minplacer_input_clklatdef=..\..\minplacer\00003_pa03_00006_committed_nledit\minplacer.clklat_def
	minplacer_input_rbbloc=..\..\minplacer\00003_pa03_00007_repwl\minplacer_rbbloc.txt
	minplacer_input_tilerange=<none>
	minplacer_input_nledit=<none>
	minplacer_input_rgraph=..\..\minplacer\00003_pa03_00002_setup\minplacer.rgraph_def
	minplacer_input_rd2sm=..\..\minplacer\00003_pa03_00002_setup\minplacer.rnode2sm_def
	minplacer_input_rd2sitepin=..\..\minplacer\00003_pa03_00002_setup\minplacer.rnode2sitepin_def
	minplacer_input_branchdlydef=..\..\minplacer\00003_pa03_00006_committed_nledit\minplacer.branchdly_def
	minplacer_input_ravecs=<none>
	minplacer_input_rstarting_priority=<none>
	OUTPUTS:
	minplacer_output_edif=<none>
	minplacer_output_timingdef=..\..\minplacer\00003_pa03_00008_post\minplacer.timing_def
	minplacer_output_clklatdef=<none>
	minplacer_output_rbbloc=..\..\minplacer\00003_pa03_00008_post\minplacer_rbbloc.txt
	minplacer_output_vacant_lrbbloc=..\..\minplacer\00003_pa03_00008_post\minplacer_vacant_lrbbloc.txt
	minplacer_output_clkloc=..\..\minplacer\00003_pa03_00008_post\minplacer_clkloc.txt
	minplacer_output_rteloc=<none>
	minplacer_output_tilerange=<none>
	minplacer_output_nledit=<none>
	minplacer_output_branchdlydef=<none>
	minplacer_output_ravecs=<none>
	minplacer_output_rstarting_priority=..\..\minplacer\00003_pa03_00008_post\minplacer_finderpriority.txt
pProblemIni. isNmax=0 inflat=0 mem_dump_mode=0
Set ARRAYINFO: 32x32
ARRAYINFO: locs_per_tile=[32,32] pos_interval=[10,10] boundary_penalty=[20,10] l_shift_x0,xmult,yvalue=<1,3,0> max_iob_width=4 is_x2=0 clock=<max-num=2,max-inv=1,inv-noninv-as-one=false,ram-independent=false>
SITETYPE L LAYER=L SIDE=WEST NPIN=26/14
SITETYPE l LAYER=L SIDE=WEST NPIN=26/14
SITETYPE M LAYER=M SIDE=WEST NPIN=26/14
SITETYPE m LAYER=M SIDE=WEST NPIN=26/14
SITETYPE D LAYER=DSP SIDE=WEST NPIN=238/190
SITETYPE b LAYER=IOB SIDE=WEST NPIN=4/2
SITETYPE N LAYER=NCLT SIDE=WEST NPIN=96/48
SITETYPE R LAYER=RCLT SIDE=WEST NPIN=96/48
Getting tinfo M 0 0 64/64
Skip tile size [64,64] for TILE M X64Y64. Expecting [32,32]
Getting tinfo D 0 0 64/64
Skip tile size [64,64] for TILE D X64Y64. Expecting [32,32]
Getting tinfo I 0 0 64/64
Skip tile size [64,64] for TILE I X64Y64. Expecting [32,32]
Getting tinfo N 0 0 64/64
Skip tile size [64,64] for TILE N X64Y64. Expecting [32,32]
Getting tinfo Z 0 0 64/64
Skip tile size [64,64] for TILE Z X64Y64. Expecting [32,32]
Getting tinfo M 0 0 32/32
Getting tinfo M 10 0 64/64
Skip tile size [64,64] for TILEWHITE M 10 0 X64Y64. Expecting [32,32]
Getting tinfo M 20 0 64/64
Skip tile size [64,64] for TILEWHITE M 20 0 X64Y64. Expecting [32,32]
Getting tinfo M 30 0 64/64
Skip tile size [64,64] for TILEWHITE M 30 0 X64Y64. Expecting [32,32]
Getting tinfo D 10 0 64/64
Skip tile size [64,64] for TILEWHITE D 10 0 X64Y64. Expecting [32,32]
Getting tinfo D 20 0 64/64
Skip tile size [64,64] for TILEWHITE D 20 0 X64Y64. Expecting [32,32]
Getting tinfo D 30 0 64/64
Skip tile size [64,64] for TILEWHITE D 30 0 X64Y64. Expecting [32,32]
Getting tinfo I 10 0 64/64
Skip tile size [64,64] for TILEWHITE I 10 0 X64Y64. Expecting [32,32]
Getting tinfo I 20 0 64/64
Skip tile size [64,64] for TILEWHITE I 20 0 X64Y64. Expecting [32,32]
Getting tinfo I 30 0 64/64
Skip tile size [64,64] for TILEWHITE I 30 0 X64Y64. Expecting [32,32]
Getting tinfo N 99 0 64/64
Skip tile size [64,64] for TILEWHITE N 99 0 X64Y64. Expecting [32,32]
Getting tinfo Z 99 0 64/64
Skip tile size [64,64] for TILEWHITE Z 99 0 X64Y64. Expecting [32,32]
GeometryDumpMap starts.
GeometryDumpMap ends.
GeometryDumpMap starts.
GeometryDumpMap ends.
Layer[L] has 14/10 sites, total_cap=140
Layer[M] has 4/10 sites, total_cap=40
Layer[DSP] has 0/0 sites, total_cap=0
Layer[NCLT] has 0/0 sites, total_cap=0
Layer[RCLT] has 0/0 sites, total_cap=0
Setup 40 LM mapping.
Layer[ZIOB] has 0/0 sites, total_cap=0
GeometryDumpLayers starts.
GeometryDumpLayers ends.
pProblemIni. eramclkAsClock=1
pProblemIniNetlist. skip_hifi=0, skip_pppff=2147483647
Netlist=NETLIST_hdc_core NumInst=80 NumNet=276
NumPinst=74
	DontPlace=0, NonRootRbbChainMember=4, NonRootDspChainMember=0, Const=1, ClkBuf=1
There are 80 instances. After combining instances in chains, there are 74 instances to place.
	Clock[0] OrigClock[0] net (net_index=304) $auto$clkbufmap.cc:294:execute$13574
NumPnet=270
NumTrivial=0 NumDriverless=0
AverageFO=3.74 #HifiNet=0 AverageFO_HifiNet=0.00
NumClk=1 (with 0 inverted)
There are 270 nets in the design. Average fanout is 3.74.
There is 1 clock in the design.
NumInsts=74
Resource usages:
 Type=L: Capacity=140 Utilized=71 NumInst=67. [ChainLen=1]=63 [ChainLen=2]=4
 Type=M: Capacity=40 Utilized=0 NumInst=0.
 Type=IOB: Capacity=184 Utilized=7 NumInst=7.
Min-placement step: Detaild placement (mode=2).
POST STARTS (FINDER_DELAY)
TileRange read: File is not given. Use whole chip.
Read 78 RBB-locations from EFLX file.
Reading timing_def file ..\..\minplacer\00003_pa03_00006_committed_nledit\minplacer.timing_def
pPipeAlloc: OptMode=1 PppFfInsertDone=0 MinPipeRtDly=98 #Chain=0 AveChainLen=0.0 MaxChainLen=0 #Net=0 AveChainFan=0.0 MaxChainFan=0 #MixedZeroFan=0 Opt_UseLatency=0 OptLine_RightSlack_WorseThreshold=100
(0) INI TWL = 26840(13150, 13690) ELAPSE=1
CROSS-TILE STAT: [0]=1011
PANN_TILERANGE LayerMask=40 TileRange={0,1; 0,1} RangeDivider=4 WL=26840 (13150, 13690) StartingIter=0 NumIters=1
Improving the placement of 7 instances for resource type(s) of IOB: ...............................................................................................................
PANN_TILERANGE  (iter=0) WL=26650 (13280, 13370) TIMESPENT=0
PANN_TILERANGE ENDS TIMESPENT=0
Long connection estimation: ...........
Short connection estimation: ..........
(1) IOS-ANN TWL = 26650(13280, 13370) ELAPSE=2
[ITER=0] WNS=-21052,M=11.526 TNS=-2528304 PathNumObj=4 *
[ITER=1] WNS=-20894,M=11.447 TNS=-2527079 PathNumObj=4 *
[ITER=2] WNS=-20771,M=11.385 TNS=-2529711 PathNumObj=4 *
[ITER=3] WNS=-20678,M=11.339 TNS=-2576519 PathNumObj=3 ***&&&&&
[ITER=4] WNS=-20562,M=11.281 TNS=-2648011 PathNumObj=3 *
[ITER=5] WNS=-20498,M=11.249 TNS=-2652239 PathNumObj=2 ***&&&&&!@
[ITER=6] WNS=-20412,M=11.206 TNS=-2656226 PathNumObj=8 ***&
[ITER=7] WNS=-20137,M=11.068 TNS=-2706381 PathNumObj=2 ***&&&&&
[ITER=8] WNS=-20109,M=11.054 TNS=-2703351 PathNumObj=8 ***&
[ITER=9] WNS=-20083,M=11.041 TNS=-2703607 PathNumObj=3 *
[ITER=10] WNS=-20059,M=11.029 TNS=-2700961 PathNumObj=3 ***&&&&&!@
[ITER=11] WNS=-19958,M=10.979 TNS=-2696820 PathNumObj=3 ***&&&&&!@
[ITER=12] WNS=-19888,M=10.944 TNS=-2673557 PathNumObj=4 ***&&&&&!@
[ITER=13] WNS=-19881,M=10.940 TNS=-2681357 PathNumObj=4 ***&&&&&!@
[ITER=14] WNS=-19701,M=10.850 TNS=-2679514 PathNumObj=3 ***&&&&&!@Memory=000002A5CD524940 corruption at tail, allocated from line 63 in C:\fanmo\src\trunk\place\ppatsweep.cpp.
FATAL ERROR: FreeMemory has crashed.

Fatal error at line 206 in file C:\fanmo\src\trunk\base\bmem.cpp



