Timing Summary
==============

   PLACER-ESTIMATED-TIMING TSMC 40nm ULP tt1p1v25c_Typical

                                         Group  No. Clocks  No. Clock Pairs  WNS(ps)   TNS(ps)  TNS Endpoints  WHS(ps)  THS(ps)  THS Endpoints
                                   -----------  ----------  ---------------  -------   -------  -------------  -------  -------  -------------
   <UDEF_$auto$clkbufmap.cc:294:execute$13574>           1                1   -18933  -2735776            705     1945        0              0




Clocks
======

                                  Clock                             Clock net                                        Group  Constrained Period(ps)      Waveform(ps)   Achievable Period(ps)  Achievable Frequency(MHz)
                         --------------                           -----------                                  -----------  ----------------------  -----------------  ---------------------  -------------------------
   $auto$clkbufmap.cc:294:execute$13574  $auto$clkbufmap.cc:294:execute$13574  <UDEF_$auto$clkbufmap.cc:294:execute$13574>           (auto) 2000            (0,1000)                  20932                     47.774 




Clock Relationships
===================

                             From Clock                              To Clock                                        Group    Endpoints     WNS(ps)    TNS(ps)  TNS Endpoints     WHS(ps)    THS(ps)  THS Endpoints
                         --------------                        --------------                           ------------------  -----------  ----------  ---------  -------------  ----------  ---------  -------------
   $auto$clkbufmap.cc:294:execute$13574  $auto$clkbufmap.cc:294:execute$13574  <UDEF_$auto$clkbufmap.cc:294:execute$13574>          705      -18933   -2735776            705        1945          0              0




Timing Details for Clock Pair $auto$clkbufmap.cc:294:execute$13574 and $auto$clkbufmap.cc:294:execute$13574
===========================================================================================================

                             From Clock                              To Clock                                        Group    Endpoints     WNS(ps)    TNS(ps)  TNS Endpoints     WHS(ps)    THS(ps)  THS Endpoints
                         --------------                        --------------                           ------------------  -----------  ----------  ---------  -------------  ----------  ---------  -------------
   $auto$clkbufmap.cc:294:execute$13574  $auto$clkbufmap.cc:294:execute$13574  <UDEF_$auto$clkbufmap.cc:294:execute$13574>          705      -18933   -2735776            705        1945          0              0

Path 3:
   Slack (not met):                        -18933ps
     Path type:                               SETUP
     Group:              <UDEF_$auto$clkbufmap.cc:294:execute$13574>
     Launching clock:    $auto$clkbufmap.cc:294:execute$13574 (rising edge)
     Capturing clock:    $auto$clkbufmap.cc:294:execute$13574 (rising edge)

     Requested period:                       2000ps
   + Delay of the capturing clock:            970ps
   - Clock uncertainty:                       150ps
   = Required time:                          2820ps
   - Propagation time:                      20700ps (49.0% logic, 51.0% route, logic stage 11)
   - Delay of the launching clock:           1053ps
   = Slack:                                -18933ps

   Instance/Pin or Net Name                                                       Type         ID     Location or Fanout   Delay(ps)  Edge  Arrival Time(ps)    Instance detail                                                                         
   -------------------------------------------------------------------------------------------------------------------------------------------------------------------------------------------------------------------------------------------------------
   $auto$clkbufmap.cc:294:execute$13574                                           CLOCK-PORT    -                      -     launch     r               0                                                                                               
   $auto$clkbufmap.cc:294:execute$13574                                           Clock net   304          (fanout=2045)       1053                     -                                                                                               
   RBB_30/CLK                                                                     RBB_6L       30  [TILE 0 0, RBB 10 16]          -     r            1053                                                                                               
   -------------------------------------------------------------------------------------------------------------------------------------------------------------------------------------------------------------------------------------------------------
   RBB_30/DQ                                                                      RBB_6L       30  [TILE 0 0, RBB 10 16]        800     r            1853     {inst390: $auto$ff.cc:266:slice$2956 (FDC,site=dff)}                                      
   $techmap13292$abc$13088$lut$aiger13087$838.A[5]                                Net         425            (fanout=26)       1865                     -                                                                                               
   RBB_39/D6                                                                      RBB_6L       39   [TILE 0 0, RBB 7 20]          -     r            3718                                                                                               
   RBB_39/D                                                                       RBB_6L       39   [TILE 0 0, RBB 7 20]        468     r            4186     {inst173: $abc$13088$lut$aiger13087$548 (LUT,site=dlut,dluto)}                            
   $techmap13486$abc$13088$lut$aiger13087$560.A[2]                                Net         476             (fanout=1)        991                     -                                                                                               
   RBB_27/B3                                                                      RBB_6L       27  [TILE 0 0, RBB 10 18]          -     r            5177                                                                                               
   RBB_27/B                                                                       RBB_6L       27  [TILE 0 0, RBB 10 18]        707     r            5884     {inst175: $abc$13088$lut$aiger13087$560 (LUT,site=blut)}                                  
   $techmap13487$abc$13088$lut$aiger13087$575.A[3]                                Net         365             (fanout=1)        491                     -                                                                                               
   RBB_27/C1                                                                      RBB_6L       27  [TILE 0 0, RBB 10 18]          -     r            6375                                                                                               
   RBB_27/C                                                                       RBB_6L       27  [TILE 0 0, RBB 10 18]        711     r            7086     {inst176: $abc$13088$lut$aiger13087$575 (LUT,site=clut)}                                  
   $techmap13494$abc$13088$lut$aiger13087$638.A[5]                                Net         451             (fanout=2)        576                     -                                                                                               
   RBB_27/D6                                                                      RBB_6L       27  [TILE 0 0, RBB 10 18]          -     r            7662                                                                                               
   RBB_27/D                                                                       RBB_6L       27  [TILE 0 0, RBB 10 18]        468     r            8130     {inst183: $abc$13088$lut$aiger13087$638 (LUT,site=dlut,dluto)}                            
   $techmap13514$auto$abc9_ops.cc:1550:reintegrate$13112.A[1]                     Net         394             (fanout=1)       1037                     -                                                                                               
   RBB_19/A2                                                                      RBB_6L       19  [TILE 0 0, RBB 16 14]          -     r            9167                                                                                               
   RBB_19/BMUX                                                                    RBB_6L       19  [TILE 0 0, RBB 16 14]       1320     r           10487     {inst242: $auto$alumacc.cc:485:replace_alu$1705.genblk1.slice[0].genblk1.carry4 (CARRY4)} 
   $techmap13343$abc$13088$lut$aiger13087$957.A[5]                                Net         185             (fanout=3)       1132                     -                                                                                               
   RBB_41/D4                                                                      RBB_6L       41   [TILE 0 0, RBB 13 8]          -     r           11619                                                                                               
   RBB_41/D                                                                       RBB_6L       41   [TILE 0 0, RBB 13 8]        694     r           12313     {inst236: $auto$abc9_ops.cc:1550:reintegrate$13110 (LUT,site=dlut,dluto)}                 
   $abc$13088$aiger13087$1008b                                                    Net          10             (fanout=1)        721                     -                                                                                               
   RBB_22/C1                                                                      RBB_6L       22   [TILE 0 0, RBB 13 4]          -     r           13034                                                                                               
   RBB_22/DMUX                                                                    RBB_6L       22   [TILE 0 0, RBB 13 4]       1391     r           14425     {inst410: $auto$maccmap.cc:240:synth$2806.genblk1.slice[0].genblk1.carry4 (CARRY4)}       
   $techmap13331$abc$13088$lut$0current_popcount[7:0][3].A[1]                     Net         204             (fanout=4)       1806                     -                                                                                               
   RBB_25/D5                                                                      RBB_6L       25  [TILE 0 0, RBB 22 10]          -     r           16231                                                                                               
   RBB_25/D                                                                       RBB_6L       25  [TILE 0 0, RBB 22 10]        632     r           16863     {inst153: $abc$13088$lut$aiger13087$1053 (LUT,site=dlut,dluto)}                           
   $abc$13088$aiger13087$1053                                                     Net           4             (fanout=1)        923                     -                                                                                               
   RBB_24/B1                                                                      RBB_6L       24   [TILE 0 0, RBB 25 6]          -     r           17786                                                                                               
   RBB_24/DMUX                                                                    RBB_6L       24   [TILE 0 0, RBB 25 6]       1300     r           19086     {inst434: $lt$../src/hdc_core.v:140$1112.genblk1.slice[0].genblk1.carry4 (CARRY4)}        
   $techmap13358$abc$13088$lut$auto$opt_dff.cc:219:make_patterns_logic$1471.A[2]  Net         415             (fanout=9)        414                     -                                                                                               
   RBB_24/C4                                                                      RBB_6L       24   [TILE 0 0, RBB 25 6]          -     r           19500                                                                                               
   RBB_24/CMUX                                                                    RBB_6L       24   [TILE 0 0, RBB 25 6]        835     r           20335     {inst220: $abc$13088$lut$auto$opt_dff.cc:219:make_patterns_logic$1471 (LUT,site=cluto)}   
   $abc$13088$auto$opt_dff.cc:219:make_patterns_logic$1471                        Net          20             (fanout=1)        596                     -                                                                                               
   RBB_24/A6                                                                      RBB_6L       24   [TILE 0 0, RBB 25 6]          -     r           20931     {<CE>inst252: $auto$ff.cc:266:slice$2753 (FDCE,site=dff)}                                 
   -------------------------------------------------------------------------------------------------------------------------------------------------------------------------------------------------------------------------------------------------------
   RBB_24/CLK                                                                     RBB_6L       24   [TILE 0 0, RBB 25 6]        822     r           21753                                                                                               
   $auto$clkbufmap.cc:294:execute$13574                                           Clock net   304          (fanout=2045)       -970                     -                                                                                               
   $auto$clkbufmap.cc:294:execute$13574                                           CLOCK-PORT    -                      -    capture     r           20783                                                                                               
   -------------------------------------------------------------------------------------------------------------------------------------------------------------------------------------------------------------------------------------------------------


Path 4:
   Slack (not met):                        -18933ps
     Path type:                               SETUP
     Group:              <UDEF_$auto$clkbufmap.cc:294:execute$13574>
     Launching clock:    $auto$clkbufmap.cc:294:execute$13574 (rising edge)
     Capturing clock:    $auto$clkbufmap.cc:294:execute$13574 (rising edge)

     Requested period:                       2000ps
   + Delay of the capturing clock:            970ps
   - Clock uncertainty:                       150ps
   = Required time:                          2820ps
   - Propagation time:                      20700ps (49.0% logic, 51.0% route, logic stage 11)
   - Delay of the launching clock:           1053ps
   = Slack:                                -18933ps

   Instance/Pin or Net Name                                                       Type         ID     Location or Fanout   Delay(ps)  Edge  Arrival Time(ps)    Instance detail                                                                         
   -------------------------------------------------------------------------------------------------------------------------------------------------------------------------------------------------------------------------------------------------------
   $auto$clkbufmap.cc:294:execute$13574                                           CLOCK-PORT    -                      -     launch     r               0                                                                                               
   $auto$clkbufmap.cc:294:execute$13574                                           Clock net   304          (fanout=2045)       1053                     -                                                                                               
   RBB_30/CLK                                                                     RBB_6L       30  [TILE 0 0, RBB 10 16]          -     r            1053                                                                                               
   -------------------------------------------------------------------------------------------------------------------------------------------------------------------------------------------------------------------------------------------------------
   RBB_30/DQ                                                                      RBB_6L       30  [TILE 0 0, RBB 10 16]        800     r            1853     {inst390: $auto$ff.cc:266:slice$2956 (FDC,site=dff)}                                      
   $techmap13292$abc$13088$lut$aiger13087$838.A[5]                                Net         425            (fanout=26)       1865                     -                                                                                               
   RBB_39/D6                                                                      RBB_6L       39   [TILE 0 0, RBB 7 20]          -     r            3718                                                                                               
   RBB_39/D                                                                       RBB_6L       39   [TILE 0 0, RBB 7 20]        468     r            4186     {inst173: $abc$13088$lut$aiger13087$548 (LUT,site=dlut,dluto)}                            
   $techmap13486$abc$13088$lut$aiger13087$560.A[2]                                Net         476             (fanout=1)        991                     -                                                                                               
   RBB_27/B3                                                                      RBB_6L       27  [TILE 0 0, RBB 10 18]          -     r            5177                                                                                               
   RBB_27/B                                                                       RBB_6L       27  [TILE 0 0, RBB 10 18]        707     r            5884     {inst175: $abc$13088$lut$aiger13087$560 (LUT,site=blut)}                                  
   $techmap13487$abc$13088$lut$aiger13087$575.A[3]                                Net         365             (fanout=1)        491                     -                                                                                               
   RBB_27/C1                                                                      RBB_6L       27  [TILE 0 0, RBB 10 18]          -     r            6375                                                                                               
   RBB_27/C                                                                       RBB_6L       27  [TILE 0 0, RBB 10 18]        711     r            7086     {inst176: $abc$13088$lut$aiger13087$575 (LUT,site=clut)}                                  
   $techmap13494$abc$13088$lut$aiger13087$638.A[5]                                Net         451             (fanout=2)        576                     -                                                                                               
   RBB_27/D6                                                                      RBB_6L       27  [TILE 0 0, RBB 10 18]          -     r            7662                                                                                               
   RBB_27/D                                                                       RBB_6L       27  [TILE 0 0, RBB 10 18]        468     r            8130     {inst183: $abc$13088$lut$aiger13087$638 (LUT,site=dlut,dluto)}                            
   $techmap13514$auto$abc9_ops.cc:1550:reintegrate$13112.A[1]                     Net         394             (fanout=1)       1037                     -                                                                                               
   RBB_19/A2                                                                      RBB_6L       19  [TILE 0 0, RBB 16 14]          -     r            9167                                                                                               
   RBB_19/BMUX                                                                    RBB_6L       19  [TILE 0 0, RBB 16 14]       1320     r           10487     {inst242: $auto$alumacc.cc:485:replace_alu$1705.genblk1.slice[0].genblk1.carry4 (CARRY4)} 
   $techmap13343$abc$13088$lut$aiger13087$957.A[5]                                Net         185             (fanout=3)       1132                     -                                                                                               
   RBB_41/D4                                                                      RBB_6L       41   [TILE 0 0, RBB 13 8]          -     r           11619                                                                                               
   RBB_41/D                                                                       RBB_6L       41   [TILE 0 0, RBB 13 8]        694     r           12313     {inst236: $auto$abc9_ops.cc:1550:reintegrate$13110 (LUT,site=dlut,dluto)}                 
   $abc$13088$aiger13087$1008b                                                    Net          10             (fanout=1)        721                     -                                                                                               
   RBB_22/C1                                                                      RBB_6L       22   [TILE 0 0, RBB 13 4]          -     r           13034                                                                                               
   RBB_22/DMUX                                                                    RBB_6L       22   [TILE 0 0, RBB 13 4]       1391     r           14425     {inst410: $auto$maccmap.cc:240:synth$2806.genblk1.slice[0].genblk1.carry4 (CARRY4)}       
   $techmap13331$abc$13088$lut$0current_popcount[7:0][3].A[1]                     Net         204             (fanout=4)       1806                     -                                                                                               
   RBB_25/D5                                                                      RBB_6L       25  [TILE 0 0, RBB 22 10]          -     r           16231                                                                                               
   RBB_25/D                                                                       RBB_6L       25  [TILE 0 0, RBB 22 10]        632     r           16863     {inst153: $abc$13088$lut$aiger13087$1053 (LUT,site=dlut,dluto)}                           
   $abc$13088$aiger13087$1053                                                     Net           4             (fanout=1)        923                     -                                                                                               
   RBB_24/B1                                                                      RBB_6L       24   [TILE 0 0, RBB 25 6]          -     r           17786                                                                                               
   RBB_24/DMUX                                                                    RBB_6L       24   [TILE 0 0, RBB 25 6]       1300     r           19086     {inst434: $lt$../src/hdc_core.v:140$1112.genblk1.slice[0].genblk1.carry4 (CARRY4)}        
   $techmap13358$abc$13088$lut$auto$opt_dff.cc:219:make_patterns_logic$1471.A[2]  Net         415             (fanout=9)        414                     -                                                                                               
   RBB_24/C4                                                                      RBB_6L       24   [TILE 0 0, RBB 25 6]          -     r           19500                                                                                               
   RBB_24/CMUX                                                                    RBB_6L       24   [TILE 0 0, RBB 25 6]        835     r           20335     {inst220: $abc$13088$lut$auto$opt_dff.cc:219:make_patterns_logic$1471 (LUT,site=cluto)}   
   $abc$13088$auto$opt_dff.cc:219:make_patterns_logic$1471                        Net          20             (fanout=1)        596                     -                                                                                               
   RBB_24/A6                                                                      RBB_6L       24   [TILE 0 0, RBB 25 6]          -     r           20931     {<CE>inst253: $auto$ff.cc:266:slice$2754 (FDCE,site=bff)}                                 
   -------------------------------------------------------------------------------------------------------------------------------------------------------------------------------------------------------------------------------------------------------
   RBB_24/CLK                                                                     RBB_6L       24   [TILE 0 0, RBB 25 6]        822     r           21753                                                                                               
   $auto$clkbufmap.cc:294:execute$13574                                           Clock net   304          (fanout=2045)       -970                     -                                                                                               
   $auto$clkbufmap.cc:294:execute$13574                                           CLOCK-PORT    -                      -    capture     r           20783                                                                                               
   -------------------------------------------------------------------------------------------------------------------------------------------------------------------------------------------------------------------------------------------------------


Path 5:
   Slack (not met):                        -18821ps
     Path type:                               SETUP
     Group:              <UDEF_$auto$clkbufmap.cc:294:execute$13574>
     Launching clock:    $auto$clkbufmap.cc:294:execute$13574 (rising edge)
     Capturing clock:    $auto$clkbufmap.cc:294:execute$13574 (rising edge)

     Requested period:                       2000ps
   + Delay of the capturing clock:            971ps
   - Clock uncertainty:                       150ps
   = Required time:                          2821ps
   - Propagation time:                      20589ps (45.7% logic, 54.3% route, logic stage 10)
   - Delay of the launching clock:           1053ps
   = Slack:                                -18821ps

   Instance/Pin or Net Name                                                       Type         ID     Location or Fanout   Delay(ps)  Edge  Arrival Time(ps)    Instance detail                                                                                                              
   --------------------------------------------------------------------------------------------------------------------------------------------------------------------------------------------------------------------------------------------------------------------------------------------
   $auto$clkbufmap.cc:294:execute$13574                                           CLOCK-PORT    -                      -     launch     r               0                                                                                                                                    
   $auto$clkbufmap.cc:294:execute$13574                                           Clock net   304          (fanout=2045)       1053                     -                                                                                                                                    
   RBB_30/CLK                                                                     RBB_6L       30  [TILE 0 0, RBB 10 16]          -     r            1053                                                                                                                                    
   --------------------------------------------------------------------------------------------------------------------------------------------------------------------------------------------------------------------------------------------------------------------------------------------
   RBB_30/DQ                                                                      RBB_6L       30  [TILE 0 0, RBB 10 16]        800     r            1853     {inst390: $auto$ff.cc:266:slice$2956 (FDC,site=dff)}                                                                           
   $techmap13292$abc$13088$lut$aiger13087$838.A[5]                                Net         425            (fanout=26)       1865                     -                                                                                                                                    
   RBB_39/D6                                                                      RBB_6L       39   [TILE 0 0, RBB 7 20]          -     r            3718                                                                                                                                    
   RBB_39/D                                                                       RBB_6L       39   [TILE 0 0, RBB 7 20]        468     r            4186     {inst173: $abc$13088$lut$aiger13087$548 (LUT,site=dlut,dluto)}                                                                 
   $techmap13486$abc$13088$lut$aiger13087$560.A[2]                                Net         476             (fanout=1)        991                     -                                                                                                                                    
   RBB_27/B3                                                                      RBB_6L       27  [TILE 0 0, RBB 10 18]          -     r            5177                                                                                                                                    
   RBB_27/B                                                                       RBB_6L       27  [TILE 0 0, RBB 10 18]        707     r            5884     {inst175: $abc$13088$lut$aiger13087$560 (LUT,site=blut)}                                                                       
   $techmap13487$abc$13088$lut$aiger13087$575.A[3]                                Net         365             (fanout=1)        491                     -                                                                                                                                    
   RBB_27/C1                                                                      RBB_6L       27  [TILE 0 0, RBB 10 18]          -     r            6375                                                                                                                                    
   RBB_27/C                                                                       RBB_6L       27  [TILE 0 0, RBB 10 18]        711     r            7086     {inst176: $abc$13088$lut$aiger13087$575 (LUT,site=clut)}                                                                       
   $techmap13494$abc$13088$lut$aiger13087$638.A[5]                                Net         451             (fanout=2)        576                     -                                                                                                                                    
   RBB_27/D6                                                                      RBB_6L       27  [TILE 0 0, RBB 10 18]          -     r            7662                                                                                                                                    
   RBB_27/D                                                                       RBB_6L       27  [TILE 0 0, RBB 10 18]        468     r            8130     {inst183: $abc$13088$lut$aiger13087$638 (LUT,site=dlut,dluto)}                                                                 
   $techmap13514$auto$abc9_ops.cc:1550:reintegrate$13112.A[1]                     Net         394             (fanout=1)       1037                     -                                                                                                                                    
   RBB_19/A2                                                                      RBB_6L       19  [TILE 0 0, RBB 16 14]          -     r            9167                                                                                                                                    
   RBB_19/BMUX                                                                    RBB_6L       19  [TILE 0 0, RBB 16 14]       1320     r           10487     {inst242: $auto$alumacc.cc:485:replace_alu$1705.genblk1.slice[0].genblk1.carry4 (CARRY4)}                                      
   $techmap13343$abc$13088$lut$aiger13087$957.A[5]                                Net         185             (fanout=3)       1132                     -                                                                                                                                    
   RBB_41/D4                                                                      RBB_6L       41   [TILE 0 0, RBB 13 8]          -     r           11619                                                                                                                                    
   RBB_41/D                                                                       RBB_6L       41   [TILE 0 0, RBB 13 8]        694     r           12313     {inst236: $auto$abc9_ops.cc:1550:reintegrate$13110 (LUT,site=dlut,dluto)}                                                      
   $abc$13088$aiger13087$1008b                                                    Net          10             (fanout=1)        721                     -                                                                                                                                    
   RBB_22/C1                                                                      RBB_6L       22   [TILE 0 0, RBB 13 4]          -     r           13034                                                                                                                                    
   RBB_22/DMUX                                                                    RBB_6L       22   [TILE 0 0, RBB 13 4]       1391     r           14425     {inst410: $auto$maccmap.cc:240:synth$2806.genblk1.slice[0].genblk1.carry4 (CARRY4)}                                            
   $techmap13331$abc$13088$lut$0current_popcount[7:0][3].A[1]                     Net         204             (fanout=4)       1806                     -                                                                                                                                    
   RBB_25/D5                                                                      RBB_6L       25  [TILE 0 0, RBB 22 10]          -     r           16231                                                                                                                                    
   RBB_25/D                                                                       RBB_6L       25  [TILE 0 0, RBB 22 10]        632     r           16863     {inst153: $abc$13088$lut$aiger13087$1053 (LUT,site=dlut,dluto)}                                                                
   $abc$13088$aiger13087$1053                                                     Net           4             (fanout=1)        923                     -                                                                                                                                    
   RBB_24/B1                                                                      RBB_6L       24   [TILE 0 0, RBB 25 6]          -     r           17786                                                                                                                                    
   RBB_24/DMUX                                                                    RBB_6L       24   [TILE 0 0, RBB 25 6]       1300     r           19086     {inst434: $lt$../src/hdc_core.v:140$1112.genblk1.slice[0].genblk1.carry4 (CARRY4)}                                             
   $techmap13358$abc$13088$lut$auto$opt_dff.cc:219:make_patterns_logic$1471.A[2]  Net         415             (fanout=9)       1631                     -                                                                                                                                    
   RBB_34/D2                                                                      RBB_6L       34  [TILE 0 0, RBB 13 12]          -     r           20717     {inst429: $auto$xilinx_dffopt.cc:341:execute$13562 (LUT,site=dlut,dluto)} {inst405: $auto$ff.cc:266:slice$2971 (FDP,site=dff)} 
   --------------------------------------------------------------------------------------------------------------------------------------------------------------------------------------------------------------------------------------------------------------------------------------------
   RBB_34/CLK                                                                     RBB_6L       34  [TILE 0 0, RBB 13 12]        925     r           21642                                                                                                                                    
   $auto$clkbufmap.cc:294:execute$13574                                           Clock net   304          (fanout=2045)       -971                     -                                                                                                                                    
   $auto$clkbufmap.cc:294:execute$13574                                           CLOCK-PORT    -                      -    capture     r           20671                                                                                                                                    
   --------------------------------------------------------------------------------------------------------------------------------------------------------------------------------------------------------------------------------------------------------------------------------------------


Path 6:
   Slack (met):                              1945ps
     Path type:                                HOLD
     Group:              <UDEF_$auto$clkbufmap.cc:294:execute$13574>
     Launching clock:    $auto$clkbufmap.cc:294:execute$13574 (rising edge)
     Capturing clock:    $auto$clkbufmap.cc:294:execute$13574 (rising edge)

   + Delay of the launching clock:            949ps
   + Propagation time:                       2206ps (72.4% logic, 27.6% route, logic stage 1)
   - Delay of the capturing clock:           1060ps
   - Clock uncertainty:                       150ps
   - Requested period:                          0ps
   = Slack:                                  1945ps

   Instance/Pin or Net Name                         Type         ID     Location or Fanout   Delay(ps)  Edge  Arrival Time(ps)    Instance detail                                                                                                     
   -----------------------------------------------------------------------------------------------------------------------------------------------------------------------------------------------------------------------------------------------------
   $auto$clkbufmap.cc:294:execute$13574             CLOCK-PORT    -                      -     launch     r               0                                                                                                                           
   $auto$clkbufmap.cc:294:execute$13574             Clock net   304          (fanout=2045)        949                     -                                                                                                                           
   RBB_50/CLK                                       RBB_6L       50   [TILE 0 0, RBB 7 24]          -     r             949                                                                                                                           
   -----------------------------------------------------------------------------------------------------------------------------------------------------------------------------------------------------------------------------------------------------
   RBB_50/BMUX                                      RBB_6L       50   [TILE 0 0, RBB 7 24]        800     r            1749     {inst365: $auto$ff.cc:266:slice$2931 (FDCE,site=bffo)}                                                                
   $techmap13334$abc$13088$lut$aiger13087$745.A[2]  Net         215             (fanout=3)        608                     -                                                                                                                           
   RBB_51/B1                                        RBB_6L       51  [TILE 0 0, RBB 10 24]          -     r            2357     {inst42: $abc$13088$lut$0\query_hv[127:0][115] (LUT,site=blut)} {inst371: $auto$ff.cc:266:slice$2937 (FDCE,site=bff)} 
   -----------------------------------------------------------------------------------------------------------------------------------------------------------------------------------------------------------------------------------------------------
   RBB_51/CLK                                       RBB_6L       51  [TILE 0 0, RBB 10 24]        798     r            3155                                                                                                                           
   $auto$clkbufmap.cc:294:execute$13574             Clock net   304          (fanout=2045)      -1060                     -                                                                                                                           
   $auto$clkbufmap.cc:294:execute$13574             CLOCK-PORT    -                      -    capture     r            2095                                                                                                                           
   -----------------------------------------------------------------------------------------------------------------------------------------------------------------------------------------------------------------------------------------------------


Path 7:
   Slack (met):                              1961ps
     Path type:                                HOLD
     Group:              <UDEF_$auto$clkbufmap.cc:294:execute$13574>
     Launching clock:    $auto$clkbufmap.cc:294:execute$13574 (rising edge)
     Capturing clock:    $auto$clkbufmap.cc:294:execute$13574 (rising edge)

   + Delay of the launching clock:            948ps
   + Propagation time:                       2170ps (77.5% logic, 22.5% route, logic stage 1)
   - Delay of the capturing clock:           1007ps
   - Clock uncertainty:                       150ps
   - Requested period:                          0ps
   = Slack:                                  1961ps

   Instance/Pin or Net Name                                Type         ID     Location or Fanout   Delay(ps)  Edge  Arrival Time(ps)    Instance detail                                                                                                     
   ------------------------------------------------------------------------------------------------------------------------------------------------------------------------------------------------------------------------------------------------------------
   $auto$clkbufmap.cc:294:execute$13574                    CLOCK-PORT    -                      -     launch     r               0                                                                                                                           
   $auto$clkbufmap.cc:294:execute$13574                    Clock net   304          (fanout=2045)        948                     -                                                                                                                           
   RBB_74/CLK                                              RBB_6L       74  [TILE 0 0, RBB 10 26]          -     r             948                                                                                                                           
   ------------------------------------------------------------------------------------------------------------------------------------------------------------------------------------------------------------------------------------------------------------
   RBB_74/CMUX                                             RBB_6L       74  [TILE 0 0, RBB 10 26]        800     r            1748     {inst361: $auto$ff.cc:266:slice$2927 (FDCE,site=cffo)}                                                                
   $techmap13448$abc$13088$lut$0query_hv[127:0][107].A[1]  Net         434             (fanout=3)        489                     -                                                                                                                           
   RBB_44/C2                                               RBB_6L       44   [TILE 0 0, RBB 7 26]          -     r            2237     {inst38: $abc$13088$lut$0\query_hv[127:0][111] (LUT,site=clut)} {inst367: $auto$ff.cc:266:slice$2933 (FDCE,site=cff)} 
   ------------------------------------------------------------------------------------------------------------------------------------------------------------------------------------------------------------------------------------------------------------
   RBB_44/CLK                                              RBB_6L       44   [TILE 0 0, RBB 7 26]        881     r            3118                                                                                                                           
   $auto$clkbufmap.cc:294:execute$13574                    Clock net   304          (fanout=2045)      -1007                     -                                                                                                                           
   $auto$clkbufmap.cc:294:execute$13574                    CLOCK-PORT    -                      -    capture     r            2111                                                                                                                           
   ------------------------------------------------------------------------------------------------------------------------------------------------------------------------------------------------------------------------------------------------------------


Path 8:
   Slack (met):                              1992ps
     Path type:                                HOLD
     Group:              <UDEF_$auto$clkbufmap.cc:294:execute$13574>
     Launching clock:    $auto$clkbufmap.cc:294:execute$13574 (rising edge)
     Capturing clock:    $auto$clkbufmap.cc:294:execute$13574 (rising edge)

   + Delay of the launching clock:            998ps
   + Propagation time:                       2182ps (77.0% logic, 23.0% route, logic stage 1)
   - Delay of the capturing clock:           1038ps
   - Clock uncertainty:                       150ps
   - Requested period:                          0ps
   = Slack:                                  1992ps

   Instance/Pin or Net Name                         Type         ID     Location or Fanout   Delay(ps)  Edge  Arrival Time(ps)    Instance detail                                                                                                     
   -----------------------------------------------------------------------------------------------------------------------------------------------------------------------------------------------------------------------------------------------------
   $auto$clkbufmap.cc:294:execute$13574             CLOCK-PORT    -                      -     launch     r               0                                                                                                                           
   $auto$clkbufmap.cc:294:execute$13574             Clock net   304          (fanout=2045)        998                     -                                                                                                                           
   RBB_64/CLK                                       RBB_6L       64  [TILE 0 0, RBB 10 20]          -     r             998                                                                                                                           
   -----------------------------------------------------------------------------------------------------------------------------------------------------------------------------------------------------------------------------------------------------
   RBB_64/DMUX                                      RBB_6L       64  [TILE 0 0, RBB 10 20]        800     r            1798     {inst341: $auto$ff.cc:266:slice$2907 (FDCE,site=dffo)}                                                                
   $techmap13333$abc$13088$lut$aiger13087$736.A[1]  Net         410             (fanout=3)        501                     -                                                                                                                           
   RBB_39/C1                                        RBB_6L       39   [TILE 0 0, RBB 7 20]          -     r            2299     {inst136: $abc$13088$lut$0\query_hv[127:0][87] (LUT,site=clut)} {inst343: $auto$ff.cc:266:slice$2909 (FDCE,site=cff)} 
   -----------------------------------------------------------------------------------------------------------------------------------------------------------------------------------------------------------------------------------------------------
   RBB_39/CLK                                       RBB_6L       39   [TILE 0 0, RBB 7 20]        881     r            3180                                                                                                                           
   $auto$clkbufmap.cc:294:execute$13574             Clock net   304          (fanout=2045)      -1038                     -                                                                                                                           
   $auto$clkbufmap.cc:294:execute$13574             CLOCK-PORT    -                      -    capture     r            2142                                                                                                                           
   -----------------------------------------------------------------------------------------------------------------------------------------------------------------------------------------------------------------------------------------------------













